17:50:02 **** Build of configuration Debug for project 001_HAL_CAN_BUS_WITHOUT_FILTER ****
make -j12 all 
arm-none-eabi-gcc "../Core/Src/main.c" -mcpu=cortex-m4 -std=gnu11 -g3 -DDEBUG -DUSE_HAL_DRIVER -DSTM32F407xx -c -I../Core/Inc -I../Drivers/STM32F4xx_HAL_Driver/Inc -I../Drivers/STM32F4xx_HAL_Driver/Inc/Legacy -I../Drivers/CMSIS/Device/ST/STM32F4xx/Include -I../Drivers/CMSIS/Include -O0 -ffunction-sections -fdata-sections -Wall -fstack-usage -fcyclomatic-complexity -MMD -MP -MF"Core/Src/main.d" -MT"Core/Src/main.o" --specs=nano.specs -mfpu=fpv4-sp-d16 -mfloat-abi=hard -mthumb -o "Core/Src/main.o"
arm-none-eabi-gcc -o "001_HAL_CAN_BUS_WITHOUT_FILTER.elf" @"objects.list"   -mcpu=cortex-m4 -T"D:\CANBUS\CANBUS\001_CAN\STM32F407VGTX_FLASH.ld" --specs=nosys.specs -Wl,-Map="001_HAL_CAN_BUS_WITHOUT_FILTER.map" -Wl,--gc-sections -static --specs=nano.specs -mfpu=fpv4-sp-d16 -mfloat-abi=hard -mthumb -Wl,--start-group -lc -lm -Wl,--end-group
Finished building target: 001_HAL_CAN_BUS_WITHOUT_FILTER.elf
 
arm-none-eabi-size  001_HAL_CAN_BUS_WITHOUT_FILTER.elf 
arm-none-eabi-objdump -h -S 001_HAL_CAN_BUS_WITHOUT_FILTER.elf  > "001_HAL_CAN_BUS_WITHOUT_FILTER.list"
   text	   data	    bss	    dec	    hex	filename
   8864	     12	   1644	  10520	   2918	001_HAL_CAN_BUS_WITHOUT_FILTER.elf
Finished building: default.size.stdout
 
Finished building: 001_HAL_CAN_BUS_WITHOUT_FILTER.list
 

17:50:03 Build Finished. 0 errors, 0 warnings. (took 990ms)

