14:53:20 **** Build of configuration Debug for project 002_HAL_CAN_BUS_WITHFILTER_BOARD2 ****
make -j12 all 
arm-none-eabi-gcc "../Core/Src/main.c" -mcpu=cortex-m4 -std=gnu11 -g3 -DDEBUG -DUSE_HAL_DRIVER -DSTM32F407xx -c -I../Core/Inc -I../Drivers/STM32F4xx_HAL_Driver/Inc -I../Drivers/STM32F4xx_HAL_Driver/Inc/Legacy -I../Drivers/CMSIS/Device/ST/STM32F4xx/Include -I../Drivers/CMSIS/Include -O0 -ffunction-sections -fdata-sections -Wall -fstack-usage -fcyclomatic-complexity -MMD -MP -MF"Core/Src/main.d" -MT"Core/Src/main.o" --specs=nano.specs -mfpu=fpv4-sp-d16 -mfloat-abi=hard -mthumb -o "Core/Src/main.o"
arm-none-eabi-gcc -o "002_HAL_CAN_BUS_WITHFILTER_BOARD2.elf" @"objects.list"   -mcpu=cortex-m4 -T"D:\CANBUS\CANBUS\002_HAL_CAN_BUS_WITHFILTER_BOARD2\STM32F407VGTX_FLASH.ld" --specs=nosys.specs -Wl,-Map="002_HAL_CAN_BUS_WITHFILTER_BOARD2.map" -Wl,--gc-sections -static --specs=nano.specs -mfpu=fpv4-sp-d16 -mfloat-abi=hard -mthumb -Wl,--start-group -lc -lm -Wl,--end-group
Finished building target: 002_HAL_CAN_BUS_WITHFILTER_BOARD2.elf
 
arm-none-eabi-size  002_HAL_CAN_BUS_WITHFILTER_BOARD2.elf 
arm-none-eabi-objdump -h -S 002_HAL_CAN_BUS_WITHFILTER_BOARD2.elf  > "002_HAL_CAN_BUS_WITHFILTER_BOARD2.list"
   text	   data	    bss	    dec	    hex	filename
   9988	     12	   1708	  11708	   2dbc	002_HAL_CAN_BUS_WITHFILTER_BOARD2.elf
Finished building: default.size.stdout
 
Finished building: 002_HAL_CAN_BUS_WITHFILTER_BOARD2.list
 

14:53:21 Build Finished. 0 errors, 0 warnings. (took 1s.87ms)

