10:40:47 **** Build of configuration Debug for project 006_HAL_CAN_BUS_IDLIST_FILTER_BOARD1 ****
make -j12 all 
arm-none-eabi-gcc -o "006_HAL_CAN_BUS_IDLIST_FILTER_BOARD1.elf" @"objects.list"   -mcpu=cortex-m4 -T"D:\CANBUS\CANBUS\006_HAL_CAN_BUS_IDLIST_FILTER_BOARD1\STM32F407VGTX_FLASH.ld" --specs=nosys.specs -Wl,-Map="006_HAL_CAN_BUS_IDLIST_FILTER_BOARD1.map" -Wl,--gc-sections -static --specs=nano.specs -mfpu=fpv4-sp-d16 -mfloat-abi=hard -mthumb -Wl,--start-group -lc -lm -Wl,--end-group
Finished building target: 006_HAL_CAN_BUS_IDLIST_FILTER_BOARD1.elf
 
arm-none-eabi-size  006_HAL_CAN_BUS_IDLIST_FILTER_BOARD1.elf 
arm-none-eabi-objdump -h -S 006_HAL_CAN_BUS_IDLIST_FILTER_BOARD1.elf  > "006_HAL_CAN_BUS_IDLIST_FILTER_BOARD1.list"
   text	   data	    bss	    dec	    hex	filename
   9984	     12	   1708	  11704	   2db8	006_HAL_CAN_BUS_IDLIST_FILTER_BOARD1.elf
Finished building: default.size.stdout
 
Finished building: 006_HAL_CAN_BUS_IDLIST_FILTER_BOARD1.list
 

10:40:48 Build Finished. 0 errors, 0 warnings. (took 1s.421ms)

